// Jest Snapshot v1, https://goo.gl/fbAQLP

exports[`<ImageComponent /> spec renders the component 1`] = `
<DocumentFragment>
  <div
    class="component image"
    data-testid="image-component-1"
  >
    <img
      alt="Cartoon of New York skyline"
      data-testid="image-component-1-image"
      src="/locations/new-york.png"
    />
  </div>
</DocumentFragment>
`;

exports[`<ImageComponent /> spec renders when specifed through the component panel 1`] = `
<DocumentFragment>
  <div
    class="component image"
    data-testid="image-component-1"
  >
    <img
      alt="Cartoon of New York skyline"
      data-testid="image-component-1-image"
      src="/locations/new-york.png"
    />
  </div>
</DocumentFragment>
`;
